// Jest Snapshot v1, https://goo.gl/fbAQLP

exports[`PreviewCard matches snapshot 1`] = `
NodeList [
  <div
    class="card"
  >
    <div
      class="inner"
    >
      <div
        class="front"
      >
        <img
          height="200"
          loading="eager"
          width="300"
        />
      </div>
      <div
        class="back"
      >
        <a
          class="u-flex u-flex-column"
          href="/portfolio/undefined"
        >
          <h2
            class="ui-heading medium"
          />
          <p
            class="u-flex-grow --u-overflow-ellipsis"
          />
          <div
            class="link"
          >
            Read More »
          </div>
        </a>
      </div>
    </div>
  </div>,
]
`;
