// Jest Snapshot v1, https://goo.gl/fbAQLP

exports[`NavigationHeader matches snapshot 1`] = `
NodeList [
  <div
    class="ui-shadow component"
  >
    <nav
      class="ui-container-xl u-flex u-items-center links"
    >
      <a
        class="link"
        href="/"
      >
        About
      </a>
      <a
        class="link"
        href="/photos"
      >
        Portfolio
      </a>
      <a
        class="link"
        href="/contact"
      >
        Ramblings
      </a>
      <a
        class="link"
        href="/uses"
      >
        Uses
      </a>
    </nav>
  </div>,
]
`;
