// Jest Snapshot v1, https://goo.gl/fbAQLP

exports[`Contact matches snapshot 1`] = `
NodeList [
  <main
    class="ui-main component"
  >
    <div
      class="ui-container-xl u-p-2x"
    >
      <h1
        class="h1"
      >
        Contact Info
      </h1>
      <p>
        Lorem ipsum dolor sit amet consectetur adipisicing elit. Quis saepe ut magni id deserunt labore dignissimos at quas asperiores ipsum ab quos accusamus praesentium atque magnam recusandae distinctio, tempore voluptatum?
      </p>
      <p>
        Contact Jax at 
        <a
          class="ui-link"
          href="mailto:matthew.scholta@gmail.com"
        >
          matthew.scholta@gmail.com
        </a>
        ...
      </p>
    </div>
  </main>,
]
`;
